> Task :spotlessGroovyGradle UP-TO-DATE
> Task :spotlessGroovyGradleApply UP-TO-DATE
> Task :spotlessJava
> Task :spotlessJavaApply
> Task :spotlessJson UP-TO-DATE
> Task :spotlessJsonApply UP-TO-DATE
> Task :spotlessMisc UP-TO-DATE
> Task :spotlessMiscApply UP-TO-DATE
> Task :spotlessApply

> Task :compileJava FAILED
.\gradlew : C:\Users\david\dev\robotics\ftc\ARESLib\src\main\java\org\areslib\command\Command.java:47: error: cannot 
find symbol
At line:1 char:1
+ .\gradlew compileJava --console=plain > compile_errors.txt 2>&1
+ ~~~~~~~~~~~~~~~~~~~~~~~~~~~~~~~~~~~~~~~~~~~~~~~~~~~~~~~~~~~~~~~
    + CategoryInfo          : NotSpecified: (C:\Users\david\...not find symbol:String) [], RemoteException
    + FullyQualifiedErrorId : NativeCommandError
 
    requirements.addAll(Arrays.asList(requirements));
                ^
  symbol:   method addAll(List<Subsystem>)
  location: variable requirements of type Subsystem[]
C:\Users\david\dev\robotics\ftc\ARESLib\src\main\java\org\areslib\command\CommandScheduler.java:74: error: cannot find 
symbol
    subsystems.addAll(Arrays.asList(subsystems));
              ^
  symbol:   method addAll(List<Subsystem>)
  location: variable subsystems of type Subsystem[]
C:\Users\david\dev\robotics\ftc\ARESLib\src\main\java\org\areslib\command\CommandScheduler.java:84: error: cannot find 
symbol
    subsystems.removeAll(Arrays.asList(subsystems));
              ^
  symbol:   method removeAll(List<Subsystem>)
  location: variable subsystems of type Subsystem[]
C:\Users\david\dev\robotics\ftc\ARESLib\src\main\java\org\areslib\command\CommandScheduler.java:129: error: cannot 
find symbol
      if (requirements.containsKey(requirement)) {
                      ^
  symbol:   method containsKey(Subsystem)
  location: variable requirements of type Set<Subsystem>
C:\Users\david\dev\robotics\ftc\ARESLib\src\main\java\org\areslib\command\CommandScheduler.java:130: error: cannot 
find symbol
        Command conflicting = requirements.get(requirement);
                                          ^
  symbol:   method get(Subsystem)
  location: variable requirements of type Set<Subsystem>
C:\Users\david\dev\robotics\ftc\ARESLib\src\main\java\org\areslib\command\CommandScheduler.java:142: error: cannot 
find symbol
      requirements.put(requirement, command);
                  ^
  symbol:   method put(Subsystem,Command)
  location: variable requirements of type Set<Subsystem>
C:\Users\david\dev\robotics\ftc\ARESLib\src\main\java\org\areslib\command\ParallelCommandGroup.java:27: error: cannot 
find symbol
    if (!commands.isEmpty() && isRunning()) {
                 ^
  symbol:   method isEmpty()
  location: variable commands of type Command[]
C:\Users\david\dev\robotics\ftc\ARESLib\src\main\java\org\areslib\command\ParallelCommandGroup.java:37: error: cannot 
find symbol
      commands.put(command, false);
              ^
  symbol:   method put(Command,boolean)
  location: variable commands of type Command[]
C:\Users\david\dev\robotics\ftc\ARESLib\src\main\java\org\areslib\command\ParallelDeadlineGroup.java:45: error: cannot 
find symbol
      commands.put(command, false);
              ^
  symbol:   method put(Command,boolean)
  location: variable commands of type Command[]
C:\Users\david\dev\robotics\ftc\ARESLib\src\main\java\org\areslib\command\ParallelRaceGroup.java:42: error: cannot 
find symbol
      commands.add(command);
              ^
  symbol:   method add(Command)
  location: variable commands of type Command[]
C:\Users\david\dev\robotics\ftc\ARESLib\src\main\java\org\areslib\command\SequentialCommandGroup.java:32: error: 
cannot find symbol
      commands.add(command);
              ^
  symbol:   method add(Command)
  location: variable commands of type Command[]
C:\Users\david\dev\robotics\ftc\ARESLib\src\main\java\org\areslib\core\StateMachine.java:244: error: incompatible 
types: S cannot be converted to int
    List<Runnable> duringActions = duringActions.get(currentState);
                                                     ^
  where S is a type-variable:
    S extends Enum<S> declared in class StateMachine
C:\Users\david\dev\robotics\ftc\ARESLib\src\main\java\org\areslib\core\StateMachine.java:286: error: incompatible 
types: S cannot be converted to int
    List<Runnable> exitActions = exitActions.get(currentState);
                                                 ^
  where S is a type-variable:
    S extends Enum<S> declared in class StateMachine
C:\Users\david\dev\robotics\ftc\ARESLib\src\main\java\org\areslib\core\StateMachine.java:305: error: incompatible 
types: S cannot be converted to int
    List<Runnable> entryActions = entryActions.get(currentState);
                                                   ^
  where S is a type-variable:
    S extends Enum<S> declared in class StateMachine
C:\Users\david\dev\robotics\ftc\ARESLib\src\main\java\org\areslib\pathplanner\commands\FollowPathCommand.java:72: 
error: cannot find symbol
    requirements.addAll(driveRequirements);
                ^
  symbol:   method addAll(Set<Subsystem>)
  location: variable requirements of type Subsystem[]
C:\Users\david\dev\robotics\ftc\ARESLib\src\main\java\org\areslib\pathplanner\commands\FollowPathCommand.java:82: 
error: cannot find symbol
      requirements.addAll(reqs);
                  ^
  symbol:   method addAll(Set<Subsystem>)
  location: variable requirements of type Subsystem[]
C:\Users\david\dev\robotics\ftc\ARESLib\src\main\java\org\areslib\math\geometry\Pose2d.java:74: error: variable 
rotation might not have been initialized
    Rotation2d rotation = rotation.minus(other.rotation);
                          ^
C:\Users\david\dev\robotics\ftc\ARESLib\src\main\java\org\areslib\math\geometry\Rotation3d.java:45: error: variable w 
might not have been initialized
  }
  ^
C:\Users\david\dev\robotics\ftc\ARESLib\src\main\java\org\areslib\math\geometry\Rotation3d.java:75: error: variable w 
might not have been initialized
  }
  ^
C:\Users\david\dev\robotics\ftc\ARESLib\src\main\java\org\areslib\core\StateMachine.java:244: error: variable 
duringActions might not have been initialized
    List<Runnable> duringActions = duringActions.get(currentState);
                                   ^
C:\Users\david\dev\robotics\ftc\ARESLib\src\main\java\org\areslib\core\StateMachine.java:286: error: variable 
exitActions might not have been initialized
    List<Runnable> exitActions = exitActions.get(currentState);
                                 ^
C:\Users\david\dev\robotics\ftc\ARESLib\src\main\java\org\areslib\core\StateMachine.java:305: error: variable 
entryActions might not have been initialized
    List<Runnable> entryActions = entryActions.get(currentState);
                                  ^
C:\Users\david\dev\robotics\ftc\ARESLib\src\main\java\org\areslib\math\controller\TrapezoidProfile.java:89: error: 
variable goal might not have been initialized
  }
  ^
Note: Some messages have been simplified; recompile with -Xdiags:verbose to get full output
23 errors

[Incubating] Problems report is available at: file:///C:/Users/david/dev/robotics/ftc/ARESLib/build/reports/problems/problems-report.html

FAILURE: Build failed with an exception.

* What went wrong:
Execution failed for task ':compileJava'.
> Compilation failed; see the compiler output below.
  C:\Users\david\dev\robotics\ftc\ARESLib\src\main\java\org\areslib\command\Command.java:47: error: cannot find symbol
      requirements.addAll(Arrays.asList(requirements));
                  ^
    symbol:   method addAll(List<Subsystem>)
    location: variable requirements of type Subsystem[]
  23 errors

* Try:
> Check your code and dependencies to fix the compilation error(s)
> Run with --scan to get full insights from a Build Scan (powered by Develocity).

BUILD FAILED in 2s
9 actionable tasks: 3 executed, 6 up-to-date
